../Core/Src/main.c:79:5:main	8	static
../Core/Src/main.c:203:6:Clock_Init	4	static
../Core/Src/main.c:230:6:PB3sendPulse	4	static
../Core/Src/main.c:236:6:data_74_decode	24	static
../Core/Src/main.c:254:6:displayLED_Position	16	static
../Core/Src/main.c:286:6:read_74HC165_Data	16	static
../Core/Src/main.c:299:6:delay	16	static
../Core/Src/main.c:307:6:SystemClock_Config	80	static
../Core/Src/main.c:344:13:MX_GPIO_Init	16	static
../Core/Src/main.c:364:6:Error_Handler	4	static,ignoring_inline_asm
