../Drivers/CMSIS/Include/core_cm4.h:1684:22:__NVIC_EnableIRQ	16	static,ignoring_inline_asm
../Core/Src/main.c:20:6:Clock_Init	4	static
../Core/Src/main.c:45:6:Timer2_Init	8	static
../Core/Src/main.c:55:6:TIM2_IRQHandler	4	static
../Core/Src/main.c:85:6:PB3sendPulse	4	static
../Core/Src/main.c:91:6:data_74_decode	24	static
../Core/Src/main.c:107:6:displayLED_Position	16	static
../Core/Src/main.c:119:6:displayLED	32	static
../Core/Src/main.c:138:6:display_MM_SS	32	static
../Core/Src/main.c:161:6:read_74HC165_Data	16	static
../Core/Src/main.c:175:6:delay	16	static
../Core/Src/main.c:180:5:main	16	static
../Core/Src/main.c:268:6:SystemClock_Config	80	static
../Core/Src/main.c:295:6:MX_GPIO_Init	16	static
../Core/Src/main.c:300:6:Error_Handler	4	static,ignoring_inline_asm
